// Jest Snapshot v1, https://goo.gl/fbAQLP

exports[`Home - Presenter should render 1`] = `
<View
  collapsable={true}
  pointerEvents="box-none"
  style={
    Object {
      "flex": 1,
    }
  }
>
  <View
    style={
      Object {
        "alignItems": "center",
        "backgroundColor": "#fff",
        "flex": 1,
        "justifyContent": "center",
      }
    }
  >
    <Text>
      Open up App.js to start working on your app!
    </Text>
  </View>
</View>
`;
